L251 LINKER/LOCATER V4.66.93.0                                                          03/04/2024  11:37:30  PAGE 1


L251 LINKER/LOCATER V4.66.93.0, INVOKED BY:
D:\KEIL_V5\C251\BIN\L251.EXE .\Objects\main.obj, .\Objects\delay.obj, .\Objects\motor.obj, .\Objects\timer.obj, .\Object
>> s\uart1.obj, .\Objects\uart2.obj, .\Objects\Bluetooth.obj, .\Objects\beep.obj, .\Objects\sr04.obj, .\Objects\LED.obj 
>> TO .\Objects\Bluetooth PRINT (.\Listings\Bluetooth.map) CASE CLASSES (EDATA (0X0-0XFFF), HDATA (0X0-0XFFF))


CPU MODE:     251 SOURCE MODE
INTR FRAME:   4 BYTES SAVED ON INTERRUPT
MEMORY MODEL: XSMALL WITH FLOATING POINT ARITHMETIC


INPUT MODULES INCLUDED:
  .\Objects\main.obj (main)
         COMMENT TYPE 0: C251 V5.60.0
  .\Objects\delay.obj (delay)
         COMMENT TYPE 0: C251 V5.60.0
  .\Objects\motor.obj (motor)
         COMMENT TYPE 0: C251 V5.60.0
  .\Objects\timer.obj (timer)
         COMMENT TYPE 0: C251 V5.60.0
  .\Objects\uart1.obj (uart1)
         COMMENT TYPE 0: C251 V5.60.0
  .\Objects\uart2.obj (uart2)
         COMMENT TYPE 0: C251 V5.60.0
  .\Objects\Bluetooth.obj (Bluetooth)
         COMMENT TYPE 0: C251 V5.60.0
  .\Objects\beep.obj (beep)
         COMMENT TYPE 0: C251 V5.60.0
  .\Objects\sr04.obj (sr04)
         COMMENT TYPE 0: C251 V5.60.0
  .\Objects\LED.obj (LED)
         COMMENT TYPE 0: C251 V5.60.0
  D:\KEIL_V5\C251\LIB\C2SFPXS.LIB (?C?FPMUL)
         COMMENT TYPE 0: A251 V4.69.6.0
  D:\KEIL_V5\C251\LIB\C2SFPXS.LIB (?C?FPDIV)
         COMMENT TYPE 0: A251 V4.69.6.0
  D:\KEIL_V5\C251\LIB\C2SFPXS.LIB (?C?FCAST)
         COMMENT TYPE 0: A251 V4.69.6.0
  D:\KEIL_V5\C251\LIB\C2SFPXS.LIB (?C?CASTF)
         COMMENT TYPE 0: A251 V4.69.6.0
  D:\KEIL_V5\C251\LIB\C2SFPXS.LIB (?C?FPGETOPN)
         COMMENT TYPE 0: A251 V4.69.6.0
  D:\KEIL_V5\C251\LIB\C2SXS.LIB (?C_START)
         COMMENT TYPE 0: A251 V4.69.6.0
  D:\KEIL_V5\C251\LIB\C2SXS.LIB (?C?INITEDATA)
         COMMENT TYPE 0: A251 V4.69.6.0
  D:\KEIL_V5\C251\LIB\C2SXS.LIB (?C?INITEDATA_END)
         COMMENT TYPE 0: A251 V4.69.6.0


ACTIVE MEMORY CLASSES OF MODULE:  .\Objects\Bluetooth (main)

BASE        START       END         USED      MEMORY CLASS
==========================================================
000000H     000000H     000FFFH     000154H   EDATA
000000H     000000H     000FFFH               HDATA
FF0000H     FF0000H     FFFFFFH     0006A8H   CODE
000000H     FF0000H     FFFFFFH     000081H   HCONST
000020H.0   000020H.0   00002FH.7   000000H.1 BIT
000000H     000000H     00007FH     000008H   DATA


MEMORY MAP OF MODULE:  .\Objects\Bluetooth (main)


START     STOP      LENGTH    ALIGN  RELOC    MEMORY CLASS   SEGMENT NAME
L251 LINKER/LOCATER V4.66.93.0                                                        03/04/2024  11:37:30  PAGE 2


=========================================================================
000000H   000007H   000008H   ---    AT..     DATA           "REG BANK 0"
000008H   00000BH   000004H   BYTE   UNIT     EDATA          ?ED?SR04
00000CH   00000EH   000003H   BYTE   UNIT     EDATA          ?ED?UART2
00000FH   000010H   000002H   BYTE   UNIT     EDATA          ?ED?TIMER
000011H   000011H   000001H   BYTE   UNIT     EDATA          ?ED?BLUETOOTH
000012H.0 00001FH.7 00000EH.0 ---    ---      **GAP**
000020H.0 000020H.0 000000H.1 BIT    UNIT     BIT            ?BI?UART1
000020H.1 000020H   000000H.7 ---    ---      **GAP**
000021H   00006AH   00004AH   BYTE   UNIT     EDATA          ?ED?BEEP
00006BH   00016AH   000100H   BYTE   UNIT     EDATA          ?STACK
00016BH   FEFFFFH   FEFE95H   ---    ---      **GAP**
FF0000H   FF0002H   000003H   ---    OFFS..   CODE           ?CO?start251?4
FF0003H   FF0009H   000007H   BYTE   INSEG    CODE           ?PR?BEEPINIT?BEEP
FF000AH   FF000AH   000001H   ---    ---      **GAP**
FF000BH   FF000DH   000003H   ---    OFFS..   CODE           ?PR?IV?1
FF000EH   FF0022H   000015H   BYTE   INSEG    CODE           ?PR?MOTOR_INIT_PORT?MOTOR
FF0023H   FF0025H   000003H   ---    OFFS..   CODE           ?PR?IV?4
FF0026H   FF0040H   00001BH   BYTE   INSEG    CODE           ?PR?UART2_INIT?UART2
FF0041H   FF0042H   000002H   ---    ---      **GAP**
FF0043H   FF0045H   000003H   ---    OFFS..   CODE           ?PR?IV?8
FF0046H   FF0093H   00004EH   BYTE   INSEG    CODE           ?PR?TIMER4_INT?TIMER
FF0094H   FF00A0H   00000DH   BYTE   INSEG    CODE           ?PR?TIMER3INIT?SR04
FF00A1H   FF00A2H   000002H   ---    ---      **GAP**
FF00A3H   FF00A5H   000003H   ---    OFFS..   CODE           ?PR?IV?20
FF00A6H   FF0291H   0001ECH   BYTE   UNIT     CODE           ?C?LIB_CODE
FF0292H   FF0322H   000091H   BYTE   INSEG    CODE           ?PR?MAIN?MAIN
FF0323H   FF038FH   00006DH   BYTE   INSEG    CODE           ?PR?ADJUST_PWM_DATA?BLUETOOTH
FF0390H   FF03D6H   000047H   BYTE   INSEG    CODE           ?PR?CALC_DIST?SR04
FF03D7H   FF03E9H   000013H   BYTE   UNIT     CODE           ?C_C51STARTUP
FF03EAH   FF0412H   000029H   BYTE   UNIT     CODE           ?C_C51STARTUP?2
FF0413H   FF0415H   000003H   BYTE   UNIT     CODE           ?C_C51STARTUP?3
FF0416H   FF0445H   000030H   BYTE   INSEG    CODE           ?PR?UART1_INIT?UART1
FF0446H   FF0471H   00002CH   BYTE   INSEG    CODE           ?PR?DELAY_WITH_BLE?UART2
FF0472H   FF0498H   000027H   BYTE   INSEG    CODE           ?PR?DELAY_N_MS?DELAY
FF0499H   FF04BFH   000027H   BYTE   INSEG    CODE           ?PR?UART2?UART2
FF04C0H   FF04DFH   000020H   BYTE   INSEG    CODE           ?PR?TIMER0_INT?BEEP
FF04E0H   FF04FDH   00001EH   BYTE   INSEG    CODE           ?PR?DEALBEEP_WITH_BLE?BEEP
FF04FEH   FF0517H   00001AH   BYTE   INSEG    CODE           ?PR?START_SR04_MODULE?SR04
FF0518H   FF0530H   000019H   BYTE   INSEG    CODE           ?PR?CAR_PURE_LEFT?MOTOR
FF0531H   FF0549H   000019H   BYTE   INSEG    CODE           ?PR?CAR_TURN_RIGHT?MOTOR
FF054AH   FF0562H   000019H   BYTE   INSEG    CODE           ?PR?CAR_TURN_LEFT?MOTOR
FF0563H   FF057BH   000019H   BYTE   INSEG    CODE           ?PR?CAR_BACK_RIGHT?MOTOR
FF057CH   FF0594H   000019H   BYTE   INSEG    CODE           ?PR?CAR_BACK_LEFT?MOTOR
FF0595H   FF05ADH   000019H   BYTE   INSEG    CODE           ?PR?CAR_FORWORD?MOTOR
FF05AEH   FF05C6H   000019H   BYTE   INSEG    CODE           ?PR?CAR_BACK?MOTOR
FF05C7H   FF05DFH   000019H   BYTE   INSEG    CODE           ?PR?CAR_PURE_RIGHT?MOTOR
FF05E0H   FF05F8H   000019H   BYTE   INSEG    CODE           ?PR?UART2_RX_BUFF?UART2
FF05F9H   FF060FH   000017H   BYTE   INSEG    CODE           ?PR?DELAY_MS?DELAY
FF0610H   FF0626H   000017H   BYTE   INSEG    CODE           ?PR?UPDATE_CAR?UART2
FF0627H   FF063BH   000015H   BYTE   INSEG    CODE           ?PR?CAR_STOP?MOTOR
FF063CH   FF064FH   000014H   BYTE   INSEG    CODE           ?PR?DEALBEEP?BEEP
FF0650H   FF0662H   000013H   BYTE   INSEG    CODE           ?PR?TIMER4INIT?TIMER
FF0663H   FF0675H   000013H   BYTE   INSEG    CODE           ?PR?LEDINIT?LED
FF0676H   FF0687H   000012H   BYTE   INSEG    CODE           ?PR?COUNTER_NUMBER_DATA?SR04
FF0688H   FF0698H   000011H   BYTE   INSEG    CODE           ?PR?UART1?UART1
FF0699H   FF06A3H   00000BH   BYTE   INSEG    CODE           ?PR?TIMER0INIT?BEEP
FF06A4H   FF06ACH   000009H   BYTE   INSEG    CODE           ?PR?SENDDATABYUART1?UART1
FF06ADH   FF072DH   000081H   BYTE   UNIT     HCONST         ?C_INITEDATA



OVERLAY MAP OF MODULE:   .\Objects\Bluetooth (main)


L251 LINKER/LOCATER V4.66.93.0                                                        03/04/2024  11:37:30  PAGE 3


FUNCTION/MODULE                 BIT_GROUP   DATA_GROUP 
--> CALLED FUNCTION/MODULE     START  STOP  START  STOP
=======================================================
timer4_int/timer               ----- -----  ----- -----
  +--> Car_Stop/motor
  +--> Adjust_Pwm_data/Bluetooth

Car_Stop/motor                 ----- -----  ----- -----

Adjust_Pwm_data/Bluetooth      ----- -----  ----- -----
  +--> Car_Forword/motor
  +--> Car_Back/motor
  +--> Car_Turn_Left/motor
  +--> Car_Turn_Right/motor
  +--> Car_Back_Left/motor
  +--> Car_Back_Right/motor
  +--> Car_Pure_Left/motor
  +--> Car_Pure_Right/motor
  +--> Car_Stop/motor

Car_Forword/motor              ----- -----  ----- -----

Car_Back/motor                 ----- -----  ----- -----

Car_Turn_Left/motor            ----- -----  ----- -----

Car_Turn_Right/motor           ----- -----  ----- -----

Car_Back_Left/motor            ----- -----  ----- -----

Car_Back_Right/motor           ----- -----  ----- -----

Car_Pure_Left/motor            ----- -----  ----- -----

Car_Pure_Right/motor           ----- -----  ----- -----

*** NEW ROOT *****************

Uart1/uart1                    ----- -----  ----- -----

*** NEW ROOT *****************

Uart2/uart2                    ----- -----  ----- -----

*** NEW ROOT *****************

timer0_int/beep                ----- -----  ----- -----

*** NEW ROOT *****************

?C_C51STARTUP                  ----- -----  ----- -----

*** NEW ROOT *****************

?C_C51STARTUP?3                ----- -----  ----- -----
  +--> main/main

main/main                      ----- -----  ----- -----
  +--> Motor_Init_Port/motor
  +--> Timer4Init/timer
  +--> Uart1_Init/uart1
  +--> Uart2_Init/uart2
  +--> BeepInit/beep
  +--> Timer0Init/beep
  +--> Timer3Init/sr04
L251 LINKER/LOCATER V4.66.93.0                                                        03/04/2024  11:37:30  PAGE 4


  +--> LEDInit/LED
  +--> UART2_Rx_buff/uart2
  +--> update_car/uart2
  +--> DealBeep_with_BLE/beep
  +--> delay_with_BLE/uart2
  +--> Counter_Number_DATA/sr04

Motor_Init_Port/motor          ----- -----  ----- -----
  +--> delay_ms/delay

delay_ms/delay                 ----- -----  ----- -----

Timer4Init/timer               ----- -----  ----- -----

Uart1_Init/uart1               ----- -----  ----- -----

Uart2_Init/uart2               ----- -----  ----- -----
  +--> delay_ms/delay

BeepInit/beep                  ----- -----  ----- -----

Timer0Init/beep                ----- -----  ----- -----

Timer3Init/sr04                ----- -----  ----- -----

LEDInit/LED                    ----- -----  ----- -----

UART2_Rx_buff/uart2            ----- -----  ----- -----
  +--> SendDataByUart1/uart1

SendDataByUart1/uart1          ----- -----  ----- -----

update_car/uart2               ----- -----  ----- -----

DealBeep_with_BLE/beep         ----- -----  ----- -----
  +--> delay_with_BLE/uart2

delay_with_BLE/uart2           ----- -----  ----- -----
  +--> delay_ms/delay
  +--> UART2_Rx_buff/uart2
  +--> update_car/uart2

Counter_Number_DATA/sr04       ----- -----  ----- -----
  +--> Start_SR04_Module/sr04
  +--> calc_dist/sr04

Start_SR04_Module/sr04         ----- -----  ----- -----

calc_dist/sr04                 ----- -----  ----- -----

*** NEW ROOT *****************

?C_C51STARTUP?2                ----- -----  ----- -----



PUBLIC SYMBOLS OF MODULE:  .\Objects\Bluetooth (main)


      VALUE       CLASS    TYPE      PUBLIC SYMBOL NAME
      =================================================
      00FF0204H   CODE     NEAR LAB  ?C?CASTF
      000000FFH   NUMBER   ---       ?C?CODESEG
      00FF01D1H   CODE     NEAR LAB  ?C?FCASTC
      00FF01CCH   CODE     NEAR LAB  ?C?FCASTI
L251 LINKER/LOCATER V4.66.93.0                                                        03/04/2024  11:37:30  PAGE 5


      00FF01C7H   CODE     NEAR LAB  ?C?FCASTL
      00FF0146H   CODE     ---       ?C?FPDIV
      00FF0241H   CODE     ---       ?C?FPGETOPN2
      00FF00A6H   CODE     ---       ?C?FPMUL
      00FF027EH   CODE     ---       ?C?FPNANRESULT
      00FF0286H   CODE     ---       ?C?FPOVERFLOW
      00FF025AH   CODE     ---       ?C?FPRESULT
      00FF0270H   CODE     ---       ?C?FPRESULT2
      00FF0283H   CODE     ---       ?C?FPUNDERFLOW
      00FF03EAH   CODE     ---       ?C?INITEDATA
      00FF072CH   HCONST   WORD      ?C?INITEDATA_END
      00FF0000H   CODE     ---       ?C?STARTUP
      00000001H   NUMBER   ---       ?C?XDATASEG
      00FF0000H   CODE     ---       ?C_STARTUP
*SFR* 000000BCH   DATA     BYTE      ADC_CONTR
*SFR* 000000DEH   DATA     BYTE      ADCCFG
      00FF0323H   CODE     ---       Adjust_Pwm_data
*SFR* 000000EFH   DATA     BYTE      AUXINTIF
*SFR* 0000008EH   DATA     BYTE      AUXR
*SFR* 00000097H   DATA     BYTE      AUXR2
      00000020H.0 BIT      BIT       B_TX1_Busy
*SFR* 000000B0H.6 DATA     BIT       BEEP
      00FF0003H   CODE     ---       BeepInit
      00FF0390H   CODE     ---       calc_dist
*SFR* 000000F1H   DATA     BYTE      CANICR
      00FF05AEH   CODE     ---       Car_Back
      00FF057CH   CODE     ---       Car_Back_Left
      00FF0563H   CODE     ---       Car_Back_Right
      00FF0595H   CODE     ---       Car_Forword
      00FF0518H   CODE     ---       Car_Pure_Left
      00FF05C7H   CODE     ---       Car_Pure_Right
      00000011H   EDATA    BYTE      Car_State_number
      00FF0627H   CODE     ---       Car_Stop
      00FF054AH   CODE     ---       Car_Turn_Left
      00FF0531H   CODE     ---       Car_Turn_Right
*SFR* 000000EAH   DATA     BYTE      CKCON
*SFR* 000000E6H   DATA     BYTE      CMPCR1
*SFR* 000000E7H   DATA     BYTE      CMPCR2
      00FF0676H   CODE     ---       Counter_Number_DATA
      00FF063CH   CODE     ---       DealBeep
      00FF04E0H   CODE     ---       DealBeep_with_BLE
      00FF05F9H   CODE     ---       delay_ms
      00FF0472H   CODE     ---       delay_n_ms
      00FF0446H   CODE     ---       delay_with_BLE
*SFR* 000000A8H.7 DATA     BIT       EA
*SFR* 000000BAH.7 DATA     BIT       EAXFR
*SFR* 000000C0H.0 DATA     BIT       Echo
*SFR* 000000A8H.4 DATA     BIT       ES
*SFR* 000000A8H.1 DATA     BIT       ET0
*SFR* 000000A8H.3 DATA     BIT       ET1
      0000000CH   EDATA    BYTE      Flg
      00000021H   EDATA    ---       HighFrequency
      0000000EH   EDATA    BYTE      i
*SFR* 000000C7H   DATA     BYTE      IAP_CONTR
*SFR* 000000A8H   DATA     BYTE      IE
*SFR* 000000AFH   DATA     BYTE      IE2
*SFR* 0000008FH   DATA     BYTE      INTCLKO
*SFR* 000000B8H   DATA     BYTE      IP
*SFR* 000000B5H   DATA     BYTE      IP2
*SFR* 000000B6H   DATA     BYTE      IP2H
*SFR* 000000DFH   DATA     BYTE      IP3
*SFR* 000000EEH   DATA     BYTE      IP3H
*SFR* 000000B7H   DATA     BYTE      IPH
*SFR* 0000009DH   DATA     BYTE      IRCBAND
*SFR* 00000080H.5 DATA     BIT       LED_L
L251 LINKER/LOCATER V4.66.93.0                                                        03/04/2024  11:37:30  PAGE 6


*SFR* 000000B0H.4 DATA     BIT       LED_R
      00FF0663H   CODE     ---       LEDInit
*SFR* 000000A0H.0 DATA     BIT       LH_B
*SFR* 000000A0H.1 DATA     BIT       LH_F
*SFR* 000000F9H   DATA     BYTE      LINICR
      00000047H   EDATA    ---       LowFrequency
*SFR* 00000090H.7 DATA     BIT       LQ_B
*SFR* 00000090H.6 DATA     BIT       LQ_F
      00FF0292H   CODE     ---       main
      00FF000EH   CODE     ---       Motor_Init_Port
*SFR* 00000080H   DATA     BYTE      P0
*SFR* 00000094H   DATA     BYTE      P0M0
*SFR* 00000093H   DATA     BYTE      P0M1
*SFR* 00000090H   DATA     BYTE      P1
*SFR* 00000092H   DATA     BYTE      P1M0
*SFR* 00000091H   DATA     BYTE      P1M1
*SFR* 000000A0H   DATA     BYTE      P2
*SFR* 00000096H   DATA     BYTE      P2M0
*SFR* 00000095H   DATA     BYTE      P2M1
*SFR* 000000B0H   DATA     BYTE      P3
*SFR* 000000B2H   DATA     BYTE      P3M0
*SFR* 000000B1H   DATA     BYTE      P3M1
*SFR* 000000C0H   DATA     BYTE      P4
*SFR* 000000B4H   DATA     BYTE      P4M0
*SFR* 000000B3H   DATA     BYTE      P4M1
*SFR* 000000C8H   DATA     BYTE      P5
*SFR* 000000E8H   DATA     BYTE      P6
*SFR* 000000F8H   DATA     BYTE      P7
*SFR* 000000A2H   DATA     BYTE      P_SW1
*SFR* 000000BAH   DATA     BYTE      P_SW2
*SFR* 000000BBH   DATA     BYTE      P_SW3
*SFR* 00000087H   DATA     BYTE      PCON
*SFR* 000000D0H   DATA     BYTE      PSW
      00000010H   EDATA    BYTE      PWM_Count
*SFR* 00000098H.4 DATA     BIT       REN
*SFR* 000000A0H.3 DATA     BIT       RH_B
*SFR* 000000A0H.2 DATA     BIT       RH_F
*SFR* 00000098H.0 DATA     BIT       RI
*SFR* 00000090H.5 DATA     BIT       RQ_B
*SFR* 00000090H.4 DATA     BIT       RQ_F
*SFR* 000000FFH   DATA     BYTE      RSTCFG
      0000000AH   EDATA    WORD      S
*SFR* 0000008EH.0 DATA     BIT       S1BRT
*SFR* 0000009BH   DATA     BYTE      S2BUF
*SFR* 0000009AH   DATA     BYTE      S2CON
*SFR* 000000ACH   DATA     BYTE      S3CON
*SFR* 000000FDH   DATA     BYTE      S4CON
*SFR* 00000099H   DATA     BYTE      SBUF
*SFR* 00000098H   DATA     BYTE      SCON
      00FF06A4H   CODE     ---       SendDataByUart1
*SFR* 000000CEH   DATA     BYTE      SPCTL
*SFR* 000000CDH   DATA     BYTE      SPSTAT
      00FF04FEH   CODE     ---       Start_SR04_Module
*SFR* 00000089H.0 DATA     BIT       T0_M0
*SFR* 00000089H.1 DATA     BIT       T0_M1
*SFR* 00000089H.6 DATA     BIT       T1_CT
*SFR* 0000008EH.6 DATA     BIT       T1x12
*SFR* 000000D6H   DATA     BYTE      T2H
*SFR* 000000D7H   DATA     BYTE      T2L
*SFR* 000000DDH.2 DATA     BIT       T3_CT
*SFR* 000000DDH.0 DATA     BIT       T3CLKO
*SFR* 000000D4H   DATA     BYTE      T3H
*SFR* 000000D5H   DATA     BYTE      T3L
*SFR* 000000DDH.3 DATA     BIT       T3R
*SFR* 000000D2H   DATA     BYTE      T4H
L251 LINKER/LOCATER V4.66.93.0                                                        03/04/2024  11:37:30  PAGE 7


*SFR* 000000D3H   DATA     BYTE      T4L
*SFR* 000000DDH   DATA     BYTE      T4T3M
*SFR* 00000088H   DATA     BYTE      TCON
*SFR* 00000088H.5 DATA     BIT       TF0
*SFR* 0000008CH   DATA     BYTE      TH0
*SFR* 0000008DH   DATA     BYTE      TH1
*SFR* 00000098H.1 DATA     BIT       TI
      00000008H   EDATA    WORD      time
      0000000FH   EDATA    BYTE      Time_Count_pwm
      00FF04C0H   CODE     ---       timer0_int
      00000045H   EDATA    BYTE      Timer0_TH0
      00000046H   EDATA    BYTE      Timer0_TL0
      00FF0699H   CODE     ---       Timer0Init
      00FF0094H   CODE     ---       Timer3Init
      00FF0046H   CODE     ---       timer4_int
      00FF0650H   CODE     ---       Timer4Init
*SFR* 0000008AH   DATA     BYTE      TL0
*SFR* 0000008BH   DATA     BYTE      TL1
*SFR* 00000089H   DATA     BYTE      TMOD
*SFR* 00000088H.4 DATA     BIT       TR0
*SFR* 00000088H.6 DATA     BIT       TR1
*SFR* 00000090H.3 DATA     BIT       Trig
      00FF0688H   CODE     ---       Uart1
      00FF0416H   CODE     ---       Uart1_Init
      00FF0499H   CODE     ---       Uart2
      00FF0026H   CODE     ---       Uart2_Init
      00FF05E0H   CODE     ---       UART2_Rx_buff
      0000000DH   EDATA    BYTE      uart2temp
      00FF0610H   CODE     ---       update_car
*SFR* 000000F4H   DATA     BYTE      USBCON
*SFR* 000000C1H   DATA     BYTE      WDT_CONTR
*SFR* 000000E9H   DATA     BYTE      WTST
*SFR* 000000B0H.3 DATA     BIT       XJ_L
*SFR* 000000B0H.2 DATA     BIT       XJ_ML
*SFR* 00000080H.6 DATA     BIT       XJ_MR
*SFR* 000000C0H.7 DATA     BIT       XJ_R



SYMBOL TABLE OF MODULE:  .\Objects\Bluetooth (main)

      VALUE       REP       CLASS    TYPE      SYMBOL NAME
      ====================================================
      ---         MODULE    ---      ---       main
      00FF0292H   PUBLIC    CODE     ---       main
      00000094H   SFRSYM    DATA     BYTE      P0M0
      000000D0H   SFRSYM    DATA     BYTE      PSW
      000000BAH.7 SFRSYM    DATA     BIT       EAXFR
      0000009DH   SFRSYM    DATA     BYTE      IRCBAND
      00000097H   SFRSYM    DATA     BYTE      AUXR2
      000000EAH   SFRSYM    DATA     BYTE      CKCON
      000000EFH   SFRSYM    DATA     BYTE      AUXINTIF
      000000FDH   SFRSYM    DATA     BYTE      S4CON
      000000ACH   SFRSYM    DATA     BYTE      S3CON
      0000009AH   SFRSYM    DATA     BYTE      S2CON
      000000B7H   SFRSYM    DATA     BYTE      IPH
      000000CDH   SFRSYM    DATA     BYTE      SPSTAT
      000000DDH   SFRSYM    DATA     BYTE      T4T3M
      000000C1H   SFRSYM    DATA     BYTE      WDT_CONTR
      000000C0H.7 SFRSYM    DATA     BIT       XJ_R
      000000E9H   SFRSYM    DATA     BYTE      WTST
      000000B0H.3 SFRSYM    DATA     BIT       XJ_L
      000000DFH   SFRSYM    DATA     BYTE      IP3
      000000F4H   SFRSYM    DATA     BYTE      USBCON
      000000B5H   SFRSYM    DATA     BYTE      IP2
L251 LINKER/LOCATER V4.66.93.0                                                        03/04/2024  11:37:30  PAGE 8


      000000FFH   SFRSYM    DATA     BYTE      RSTCFG
      000000C7H   SFRSYM    DATA     BYTE      IAP_CONTR
      000000F9H   SFRSYM    DATA     BYTE      LINICR
      0000008EH   SFRSYM    DATA     BYTE      AUXR
      000000AFH   SFRSYM    DATA     BYTE      IE2
      00000088H   SFRSYM    DATA     BYTE      TCON
      00000089H   SFRSYM    DATA     BYTE      TMOD
      00000098H   SFRSYM    DATA     BYTE      SCON
      000000F1H   SFRSYM    DATA     BYTE      CANICR
      00000087H   SFRSYM    DATA     BYTE      PCON
      000000BCH   SFRSYM    DATA     BYTE      ADC_CONTR
      000000E7H   SFRSYM    DATA     BYTE      CMPCR2
      000000E6H   SFRSYM    DATA     BYTE      CMPCR1
      00000080H.6 SFRSYM    DATA     BIT       XJ_MR
      000000B0H.2 SFRSYM    DATA     BIT       XJ_ML
      000000DEH   SFRSYM    DATA     BYTE      ADCCFG
      000000B8H   SFRSYM    DATA     BYTE      IP
      0000008FH   SFRSYM    DATA     BYTE      INTCLKO
      000000EEH   SFRSYM    DATA     BYTE      IP3H
      000000B6H   SFRSYM    DATA     BYTE      IP2H
      000000A8H   SFRSYM    DATA     BYTE      IE
      000000BBH   SFRSYM    DATA     BYTE      P_SW3
      000000BAH   SFRSYM    DATA     BYTE      P_SW2
      000000A2H   SFRSYM    DATA     BYTE      P_SW1
      000000CEH   SFRSYM    DATA     BYTE      SPCTL
      000000B0H.4 SFRSYM    DATA     BIT       LED_R
      000000F8H   SFRSYM    DATA     BYTE      P7
      000000E8H   SFRSYM    DATA     BYTE      P6
      000000C8H   SFRSYM    DATA     BYTE      P5
      000000C0H   SFRSYM    DATA     BYTE      P4
      000000B0H   SFRSYM    DATA     BYTE      P3
      000000B3H   SFRSYM    DATA     BYTE      P4M1
      000000A0H   SFRSYM    DATA     BYTE      P2
      000000B1H   SFRSYM    DATA     BYTE      P3M1
      000000B4H   SFRSYM    DATA     BYTE      P4M0
      00000080H.5 SFRSYM    DATA     BIT       LED_L
      00000090H   SFRSYM    DATA     BYTE      P1
      00000095H   SFRSYM    DATA     BYTE      P2M1
      000000B2H   SFRSYM    DATA     BYTE      P3M0
      00000080H   SFRSYM    DATA     BYTE      P0
      00000091H   SFRSYM    DATA     BYTE      P1M1
      00000096H   SFRSYM    DATA     BYTE      P2M0
      00000092H   SFRSYM    DATA     BYTE      P1M0
      00000093H   SFRSYM    DATA     BYTE      P0M1

      00FF0292H   BLOCK     CODE     ---       LVL=0
      00FF0292H   LINE      CODE     ---       #31
      00FF0292H   LINE      CODE     ---       #33
      00FF0295H   LINE      CODE     ---       #34
      00FF0298H   LINE      CODE     ---       #35
      00FF029BH   LINE      CODE     ---       #38
      00FF029EH   LINE      CODE     ---       #39
      00FF02A1H   LINE      CODE     ---       #40
      00FF02A4H   LINE      CODE     ---       #41
      00FF02A7H   LINE      CODE     ---       #42
      00FF02AAH   LINE      CODE     ---       #43
      00FF02ADH   LINE      CODE     ---       #44
      00FF02B0H   LINE      CODE     ---       #45
      00FF02B3H   LINE      CODE     ---       #46
      00FF02B6H   LINE      CODE     ---       #47
      00FF02B9H   LINE      CODE     ---       #50
      00FF02BCH   LINE      CODE     ---       #52
      00FF02BFH   LINE      CODE     ---       #54
      00FF02C2H   LINE      CODE     ---       #56
      00FF02C5H   LINE      CODE     ---       #58
L251 LINKER/LOCATER V4.66.93.0                                                        03/04/2024  11:37:30  PAGE 9


      00FF02C8H   LINE      CODE     ---       #60
      00FF02CBH   LINE      CODE     ---       #62
      00FF02CEH   LINE      CODE     ---       #64
      00FF02D1H   LINE      CODE     ---       #66
      00FF02D1H   LINE      CODE     ---       #69
      00FF02D4H   LINE      CODE     ---       #70
      00FF02DBH   LINE      CODE     ---       #72
      00FF02E7H   LINE      CODE     ---       #74
      00FF02E9H   LINE      CODE     ---       #75
      00FF02EBH   LINE      CODE     ---       #76
      00FF02F3H   LINE      CODE     ---       #77
      00FF02F8H   LINE      CODE     ---       #78
      00FF0300H   LINE      CODE     ---       #79
      00FF0300H   LINE      CODE     ---       #80
      00FF0302H   LINE      CODE     ---       #83
      00FF0305H   LINE      CODE     ---       #84
      00FF030FH   LINE      CODE     ---       #86
      00FF0311H   LINE      CODE     ---       #87
      00FF0313H   LINE      CODE     ---       #88
      00FF0318H   LINE      CODE     ---       #90
      00FF031AH   LINE      CODE     ---       #91
      00FF031CH   LINE      CODE     ---       #92
      00FF0321H   LINE      CODE     ---       #93
      00FF0321H   LINE      CODE     ---       #96
      ---         BLOCKEND  ---      ---       LVL=0

      ---         MODULE    ---      ---       delay
      00FF0472H   PUBLIC    CODE     ---       delay_n_ms
      00FF05F9H   PUBLIC    CODE     ---       delay_ms
      000000D0H   SFRSYM    DATA     BYTE      PSW
      0000009DH   SFRSYM    DATA     BYTE      IRCBAND
      00000097H   SFRSYM    DATA     BYTE      AUXR2
      000000EFH   SFRSYM    DATA     BYTE      AUXINTIF
      000000FDH   SFRSYM    DATA     BYTE      S4CON
      000000ACH   SFRSYM    DATA     BYTE      S3CON
      0000009AH   SFRSYM    DATA     BYTE      S2CON
      000000B7H   SFRSYM    DATA     BYTE      IPH
      000000CDH   SFRSYM    DATA     BYTE      SPSTAT
      000000DDH   SFRSYM    DATA     BYTE      T4T3M
      000000C1H   SFRSYM    DATA     BYTE      WDT_CONTR
      000000DFH   SFRSYM    DATA     BYTE      IP3
      000000F4H   SFRSYM    DATA     BYTE      USBCON
      000000B5H   SFRSYM    DATA     BYTE      IP2
      000000FFH   SFRSYM    DATA     BYTE      RSTCFG
      000000C7H   SFRSYM    DATA     BYTE      IAP_CONTR
      000000F9H   SFRSYM    DATA     BYTE      LINICR
      0000008EH   SFRSYM    DATA     BYTE      AUXR
      000000AFH   SFRSYM    DATA     BYTE      IE2
      00000088H   SFRSYM    DATA     BYTE      TCON
      00000089H   SFRSYM    DATA     BYTE      TMOD
      00000098H   SFRSYM    DATA     BYTE      SCON
      000000F1H   SFRSYM    DATA     BYTE      CANICR
      00000087H   SFRSYM    DATA     BYTE      PCON
      000000BCH   SFRSYM    DATA     BYTE      ADC_CONTR
      000000E7H   SFRSYM    DATA     BYTE      CMPCR2
      000000E6H   SFRSYM    DATA     BYTE      CMPCR1
      000000DEH   SFRSYM    DATA     BYTE      ADCCFG
      000000B8H   SFRSYM    DATA     BYTE      IP
      0000008FH   SFRSYM    DATA     BYTE      INTCLKO
      000000EEH   SFRSYM    DATA     BYTE      IP3H
      000000B6H   SFRSYM    DATA     BYTE      IP2H
      000000A8H   SFRSYM    DATA     BYTE      IE
      000000BBH   SFRSYM    DATA     BYTE      P_SW3
      000000BAH   SFRSYM    DATA     BYTE      P_SW2
      000000A2H   SFRSYM    DATA     BYTE      P_SW1
L251 LINKER/LOCATER V4.66.93.0                                                        03/04/2024  11:37:30  PAGE 10


      000000CEH   SFRSYM    DATA     BYTE      SPCTL
      000000F8H   SFRSYM    DATA     BYTE      P7
      000000E8H   SFRSYM    DATA     BYTE      P6
      000000C8H   SFRSYM    DATA     BYTE      P5
      000000C0H   SFRSYM    DATA     BYTE      P4
      000000B0H   SFRSYM    DATA     BYTE      P3
      000000A0H   SFRSYM    DATA     BYTE      P2
      00000090H   SFRSYM    DATA     BYTE      P1
      00000080H   SFRSYM    DATA     BYTE      P0

      00FF05F9H   BLOCK     CODE     ---       LVL=0
      WR4         REGSYM    ---      WORD      ms
      00FF05FBH   BLOCK     CODE     NEAR LAB  LVL=1
      WR6         REGSYM    ---      WORD      i
      ---         BLOCKEND  ---      ---       LVL=1
      00FF05F9H   LINE      CODE     ---       #23
      00FF05FBH   LINE      CODE     ---       #24
      00FF05FBH   LINE      CODE     ---       #26
      00FF05FBH   LINE      CODE     ---       #27
      00FF05FFH   LINE      CODE     ---       #28
      00FF0607H   LINE      CODE     ---       #29
      00FF060FH   LINE      CODE     ---       #30
      ---         BLOCKEND  ---      ---       LVL=0

      00FF0472H   BLOCK     CODE     ---       LVL=0
      WR6         REGSYM    ---      WORD      ms
      00FF0474H   BLOCK     CODE     NEAR LAB  LVL=1
      R14         REGSYM    ---      BYTE      batch
      R15         REGSYM    ---      BYTE      remnant
      ---         BLOCKEND  ---      ---       LVL=1
      00FF0472H   LINE      CODE     ---       #41
      00FF0474H   LINE      CODE     ---       #42
      00FF0474H   LINE      CODE     ---       #46
      00FF047EH   LINE      CODE     ---       #47
      00FF0482H   LINE      CODE     ---       #49
      00FF0484H   LINE      CODE     ---       #50
      00FF048BH   LINE      CODE     ---       #51
      00FF048DH   LINE      CODE     ---       #52
      00FF0491H   LINE      CODE     ---       #53
      00FF0496H   LINE      CODE     ---       #54
      ---         BLOCKEND  ---      ---       LVL=0

      ---         MODULE    ---      ---       motor
      00FF0518H   PUBLIC    CODE     ---       Car_Pure_Left
      00FF0531H   PUBLIC    CODE     ---       Car_Turn_Right
      00FF054AH   PUBLIC    CODE     ---       Car_Turn_Left
      00FF000EH   PUBLIC    CODE     ---       Motor_Init_Port
      00FF0627H   PUBLIC    CODE     ---       Car_Stop
      00FF0563H   PUBLIC    CODE     ---       Car_Back_Right
      00FF057CH   PUBLIC    CODE     ---       Car_Back_Left
      00FF0595H   PUBLIC    CODE     ---       Car_Forword
      00FF05AEH   PUBLIC    CODE     ---       Car_Back
      00FF05C7H   PUBLIC    CODE     ---       Car_Pure_Right
      000000D0H   SFRSYM    DATA     BYTE      PSW
      0000009DH   SFRSYM    DATA     BYTE      IRCBAND
      00000097H   SFRSYM    DATA     BYTE      AUXR2
      000000EFH   SFRSYM    DATA     BYTE      AUXINTIF
      000000FDH   SFRSYM    DATA     BYTE      S4CON
      000000ACH   SFRSYM    DATA     BYTE      S3CON
      0000009AH   SFRSYM    DATA     BYTE      S2CON
      000000B7H   SFRSYM    DATA     BYTE      IPH
      000000CDH   SFRSYM    DATA     BYTE      SPSTAT
      000000DDH   SFRSYM    DATA     BYTE      T4T3M
      000000C1H   SFRSYM    DATA     BYTE      WDT_CONTR
      000000DFH   SFRSYM    DATA     BYTE      IP3
L251 LINKER/LOCATER V4.66.93.0                                                        03/04/2024  11:37:30  PAGE 11


      000000F4H   SFRSYM    DATA     BYTE      USBCON
      000000B5H   SFRSYM    DATA     BYTE      IP2
      000000FFH   SFRSYM    DATA     BYTE      RSTCFG
      00000090H.4 SFRSYM    DATA     BIT       RQ_F
      00000090H.5 SFRSYM    DATA     BIT       RQ_B
      000000C7H   SFRSYM    DATA     BYTE      IAP_CONTR
      000000F9H   SFRSYM    DATA     BYTE      LINICR
      00000090H.6 SFRSYM    DATA     BIT       LQ_F
      0000008EH   SFRSYM    DATA     BYTE      AUXR
      000000AFH   SFRSYM    DATA     BYTE      IE2
      000000A0H.2 SFRSYM    DATA     BIT       RH_F
      00000090H.7 SFRSYM    DATA     BIT       LQ_B
      000000A0H.3 SFRSYM    DATA     BIT       RH_B
      000000A0H.1 SFRSYM    DATA     BIT       LH_F
      000000A0H.0 SFRSYM    DATA     BIT       LH_B
      00000088H   SFRSYM    DATA     BYTE      TCON
      00000089H   SFRSYM    DATA     BYTE      TMOD
      00000098H   SFRSYM    DATA     BYTE      SCON
      000000F1H   SFRSYM    DATA     BYTE      CANICR
      00000087H   SFRSYM    DATA     BYTE      PCON
      000000BCH   SFRSYM    DATA     BYTE      ADC_CONTR
      000000E7H   SFRSYM    DATA     BYTE      CMPCR2
      000000E6H   SFRSYM    DATA     BYTE      CMPCR1
      000000DEH   SFRSYM    DATA     BYTE      ADCCFG
      000000B8H   SFRSYM    DATA     BYTE      IP
      0000008FH   SFRSYM    DATA     BYTE      INTCLKO
      000000EEH   SFRSYM    DATA     BYTE      IP3H
      000000B6H   SFRSYM    DATA     BYTE      IP2H
      000000A8H   SFRSYM    DATA     BYTE      IE
      000000BBH   SFRSYM    DATA     BYTE      P_SW3
      000000BAH   SFRSYM    DATA     BYTE      P_SW2
      000000A2H   SFRSYM    DATA     BYTE      P_SW1
      000000CEH   SFRSYM    DATA     BYTE      SPCTL
      000000B0H.4 SFRSYM    DATA     BIT       LED_R
      000000F8H   SFRSYM    DATA     BYTE      P7
      000000E8H   SFRSYM    DATA     BYTE      P6
      000000C8H   SFRSYM    DATA     BYTE      P5
      000000C0H   SFRSYM    DATA     BYTE      P4
      000000B0H   SFRSYM    DATA     BYTE      P3
      000000A0H   SFRSYM    DATA     BYTE      P2
      00000080H.5 SFRSYM    DATA     BIT       LED_L
      00000090H   SFRSYM    DATA     BYTE      P1
      00000095H   SFRSYM    DATA     BYTE      P2M1
      00000080H   SFRSYM    DATA     BYTE      P0
      00000091H   SFRSYM    DATA     BYTE      P1M1
      00000096H   SFRSYM    DATA     BYTE      P2M0
      00000092H   SFRSYM    DATA     BYTE      P1M0

      00FF000EH   BLOCK     CODE     ---       LVL=0
      00FF000EH   LINE      CODE     ---       #30
      00FF000EH   LINE      CODE     ---       #32
      00FF0011H   LINE      CODE     ---       #33
      00FF0015H   LINE      CODE     ---       #35
      00FF0018H   LINE      CODE     ---       #36
      00FF001CH   LINE      CODE     ---       #38
      ---         BLOCKEND  ---      ---       LVL=0

      00FF0595H   BLOCK     CODE     ---       LVL=0
      R11         REGSYM    ---      BYTE      pwm_perent
      00FF0595H   LINE      CODE     ---       #49
      00FF0595H   LINE      CODE     ---       #52
      00FF0599H   LINE      CODE     ---       #54
      00FF059BH   LINE      CODE     ---       #55
      00FF059DH   LINE      CODE     ---       #57
      00FF059FH   LINE      CODE     ---       #58
L251 LINKER/LOCATER V4.66.93.0                                                        03/04/2024  11:37:30  PAGE 12


      00FF05A1H   LINE      CODE     ---       #60
      00FF05A3H   LINE      CODE     ---       #61
      00FF05A5H   LINE      CODE     ---       #63
      00FF05A7H   LINE      CODE     ---       #64
      00FF05A9H   LINE      CODE     ---       #66
      00FF05ABH   LINE      CODE     ---       #67
      00FF05ADH   LINE      CODE     ---       #69
      ---         BLOCKEND  ---      ---       LVL=0

      00FF05AEH   BLOCK     CODE     ---       LVL=0
      R11         REGSYM    ---      BYTE      pwm_perent
      00FF05AEH   LINE      CODE     ---       #79
      00FF05AEH   LINE      CODE     ---       #81
      00FF05B2H   LINE      CODE     ---       #83
      00FF05B4H   LINE      CODE     ---       #84
      00FF05B6H   LINE      CODE     ---       #86
      00FF05B8H   LINE      CODE     ---       #87
      00FF05BAH   LINE      CODE     ---       #89
      00FF05BCH   LINE      CODE     ---       #90
      00FF05BEH   LINE      CODE     ---       #92
      00FF05C0H   LINE      CODE     ---       #93
      00FF05C2H   LINE      CODE     ---       #95
      00FF05C4H   LINE      CODE     ---       #96
      00FF05C6H   LINE      CODE     ---       #98
      ---         BLOCKEND  ---      ---       LVL=0

      00FF054AH   BLOCK     CODE     ---       LVL=0
      R11         REGSYM    ---      BYTE      pwm_perent
      00FF054AH   LINE      CODE     ---       #108
      00FF054AH   LINE      CODE     ---       #110
      00FF054EH   LINE      CODE     ---       #112
      00FF0550H   LINE      CODE     ---       #113
      00FF0552H   LINE      CODE     ---       #115
      00FF0554H   LINE      CODE     ---       #116
      00FF0556H   LINE      CODE     ---       #118
      00FF0558H   LINE      CODE     ---       #119
      00FF055AH   LINE      CODE     ---       #121
      00FF055CH   LINE      CODE     ---       #122
      00FF055EH   LINE      CODE     ---       #124
      00FF0560H   LINE      CODE     ---       #125
      00FF0562H   LINE      CODE     ---       #127
      ---         BLOCKEND  ---      ---       LVL=0

      00FF0531H   BLOCK     CODE     ---       LVL=0
      R11         REGSYM    ---      BYTE      pwm_perent
      00FF0531H   LINE      CODE     ---       #137
      00FF0531H   LINE      CODE     ---       #139
      00FF0535H   LINE      CODE     ---       #141
      00FF0537H   LINE      CODE     ---       #142
      00FF0539H   LINE      CODE     ---       #144
      00FF053BH   LINE      CODE     ---       #145
      00FF053DH   LINE      CODE     ---       #147
      00FF053FH   LINE      CODE     ---       #148
      00FF0541H   LINE      CODE     ---       #150
      00FF0543H   LINE      CODE     ---       #151
      00FF0545H   LINE      CODE     ---       #153
      00FF0547H   LINE      CODE     ---       #154
      00FF0549H   LINE      CODE     ---       #156
      ---         BLOCKEND  ---      ---       LVL=0

      00FF0627H   BLOCK     CODE     ---       LVL=0
      00FF0627H   LINE      CODE     ---       #166
      00FF0627H   LINE      CODE     ---       #169
      00FF0629H   LINE      CODE     ---       #170
      00FF062BH   LINE      CODE     ---       #172
L251 LINKER/LOCATER V4.66.93.0                                                        03/04/2024  11:37:30  PAGE 13


      00FF062DH   LINE      CODE     ---       #173
      00FF062FH   LINE      CODE     ---       #175
      00FF0631H   LINE      CODE     ---       #176
      00FF0633H   LINE      CODE     ---       #178
      00FF0635H   LINE      CODE     ---       #179
      00FF0637H   LINE      CODE     ---       #181
      00FF0639H   LINE      CODE     ---       #182
      00FF063BH   LINE      CODE     ---       #183
      ---         BLOCKEND  ---      ---       LVL=0

      00FF057CH   BLOCK     CODE     ---       LVL=0
      R11         REGSYM    ---      BYTE      pwm_perent
      00FF057CH   LINE      CODE     ---       #189
      00FF057CH   LINE      CODE     ---       #191
      00FF0580H   LINE      CODE     ---       #193
      00FF0582H   LINE      CODE     ---       #194
      00FF0584H   LINE      CODE     ---       #196
      00FF0586H   LINE      CODE     ---       #197
      00FF0588H   LINE      CODE     ---       #199
      00FF058AH   LINE      CODE     ---       #200
      00FF058CH   LINE      CODE     ---       #202
      00FF058EH   LINE      CODE     ---       #203
      00FF0590H   LINE      CODE     ---       #205
      00FF0592H   LINE      CODE     ---       #206
      00FF0594H   LINE      CODE     ---       #208
      ---         BLOCKEND  ---      ---       LVL=0

      00FF0563H   BLOCK     CODE     ---       LVL=0
      R11         REGSYM    ---      BYTE      pwm_perent
      00FF0563H   LINE      CODE     ---       #210
      00FF0563H   LINE      CODE     ---       #212
      00FF0567H   LINE      CODE     ---       #214
      00FF0569H   LINE      CODE     ---       #215
      00FF056BH   LINE      CODE     ---       #217
      00FF056DH   LINE      CODE     ---       #218
      00FF056FH   LINE      CODE     ---       #220
      00FF0571H   LINE      CODE     ---       #221
      00FF0573H   LINE      CODE     ---       #223
      00FF0575H   LINE      CODE     ---       #224
      00FF0577H   LINE      CODE     ---       #226
      00FF0579H   LINE      CODE     ---       #227
      00FF057BH   LINE      CODE     ---       #229
      ---         BLOCKEND  ---      ---       LVL=0

      00FF0518H   BLOCK     CODE     ---       LVL=0
      R11         REGSYM    ---      BYTE      pwm_perent
      00FF0518H   LINE      CODE     ---       #234
      00FF0518H   LINE      CODE     ---       #236
      00FF051CH   LINE      CODE     ---       #238
      00FF051EH   LINE      CODE     ---       #239
      00FF0520H   LINE      CODE     ---       #241
      00FF0522H   LINE      CODE     ---       #242
      00FF0524H   LINE      CODE     ---       #244
      00FF0526H   LINE      CODE     ---       #245
      00FF0528H   LINE      CODE     ---       #247
      00FF052AH   LINE      CODE     ---       #248
      00FF052CH   LINE      CODE     ---       #250
      00FF052EH   LINE      CODE     ---       #251
      00FF0530H   LINE      CODE     ---       #253
      ---         BLOCKEND  ---      ---       LVL=0

      00FF05C7H   BLOCK     CODE     ---       LVL=0
      R11         REGSYM    ---      BYTE      pwm_perent
      00FF05C7H   LINE      CODE     ---       #255
      00FF05C7H   LINE      CODE     ---       #257
L251 LINKER/LOCATER V4.66.93.0                                                        03/04/2024  11:37:30  PAGE 14


      00FF05CBH   LINE      CODE     ---       #259
      00FF05CDH   LINE      CODE     ---       #260
      00FF05CFH   LINE      CODE     ---       #262
      00FF05D1H   LINE      CODE     ---       #263
      00FF05D3H   LINE      CODE     ---       #265
      00FF05D5H   LINE      CODE     ---       #266
      00FF05D7H   LINE      CODE     ---       #268
      00FF05D9H   LINE      CODE     ---       #269
      00FF05DBH   LINE      CODE     ---       #271
      00FF05DDH   LINE      CODE     ---       #272
      00FF05DFH   LINE      CODE     ---       #274
      ---         BLOCKEND  ---      ---       LVL=0

      ---         MODULE    ---      ---       timer
      00FF0046H   PUBLIC    CODE     ---       timer4_int
      00FF0650H   PUBLIC    CODE     ---       Timer4Init
      0000000FH   PUBLIC    EDATA    BYTE      Time_Count_pwm
      00000010H   PUBLIC    EDATA    BYTE      PWM_Count
      000000D0H   SFRSYM    DATA     BYTE      PSW
      0000009DH   SFRSYM    DATA     BYTE      IRCBAND
      00000097H   SFRSYM    DATA     BYTE      AUXR2
      000000EFH   SFRSYM    DATA     BYTE      AUXINTIF
      000000FDH   SFRSYM    DATA     BYTE      S4CON
      000000ACH   SFRSYM    DATA     BYTE      S3CON
      0000009AH   SFRSYM    DATA     BYTE      S2CON
      000000B7H   SFRSYM    DATA     BYTE      IPH
      000000CDH   SFRSYM    DATA     BYTE      SPSTAT
      000000DDH   SFRSYM    DATA     BYTE      T4T3M
      000000C1H   SFRSYM    DATA     BYTE      WDT_CONTR
      000000D3H   SFRSYM    DATA     BYTE      T4L
      000000D2H   SFRSYM    DATA     BYTE      T4H
      000000DFH   SFRSYM    DATA     BYTE      IP3
      000000F4H   SFRSYM    DATA     BYTE      USBCON
      000000B5H   SFRSYM    DATA     BYTE      IP2
      000000FFH   SFRSYM    DATA     BYTE      RSTCFG
      000000C7H   SFRSYM    DATA     BYTE      IAP_CONTR
      000000F9H   SFRSYM    DATA     BYTE      LINICR
      0000008EH   SFRSYM    DATA     BYTE      AUXR
      000000AFH   SFRSYM    DATA     BYTE      IE2
      00000088H   SFRSYM    DATA     BYTE      TCON
      00000089H   SFRSYM    DATA     BYTE      TMOD
      00000098H   SFRSYM    DATA     BYTE      SCON
      000000F1H   SFRSYM    DATA     BYTE      CANICR
      00000087H   SFRSYM    DATA     BYTE      PCON
      000000BCH   SFRSYM    DATA     BYTE      ADC_CONTR
      000000E7H   SFRSYM    DATA     BYTE      CMPCR2
      000000E6H   SFRSYM    DATA     BYTE      CMPCR1
      000000DEH   SFRSYM    DATA     BYTE      ADCCFG
      000000B8H   SFRSYM    DATA     BYTE      IP
      0000008FH   SFRSYM    DATA     BYTE      INTCLKO
      000000EEH   SFRSYM    DATA     BYTE      IP3H
      000000B6H   SFRSYM    DATA     BYTE      IP2H
      000000A8H   SFRSYM    DATA     BYTE      IE
      000000BBH   SFRSYM    DATA     BYTE      P_SW3
      000000BAH   SFRSYM    DATA     BYTE      P_SW2
      000000A2H   SFRSYM    DATA     BYTE      P_SW1
      000000CEH   SFRSYM    DATA     BYTE      SPCTL
      000000F8H   SFRSYM    DATA     BYTE      P7
      000000E8H   SFRSYM    DATA     BYTE      P6
      000000C8H   SFRSYM    DATA     BYTE      P5
      000000C0H   SFRSYM    DATA     BYTE      P4
      000000B0H   SFRSYM    DATA     BYTE      P3
      000000A0H   SFRSYM    DATA     BYTE      P2
      00000090H   SFRSYM    DATA     BYTE      P1
      00000080H   SFRSYM    DATA     BYTE      P0
L251 LINKER/LOCATER V4.66.93.0                                                        03/04/2024  11:37:30  PAGE 15



      00FF0650H   BLOCK     CODE     ---       LVL=0
      00FF0650H   LINE      CODE     ---       #20
      00FF0650H   LINE      CODE     ---       #22
      00FF0653H   LINE      CODE     ---       #23
      00FF0656H   LINE      CODE     ---       #24
      00FF0659H   LINE      CODE     ---       #25
      00FF065CH   LINE      CODE     ---       #26
      00FF065FH   LINE      CODE     ---       #27
      00FF0662H   LINE      CODE     ---       #28
      ---         BLOCKEND  ---      ---       LVL=0

      00FF0046H   BLOCK     CODE     ---       LVL=0
      00FF0046H   LINE      CODE     ---       #34
      00FF005AH   LINE      CODE     ---       #36
      00FF0068H   LINE      CODE     ---       #38
      00FF006DH   LINE      CODE     ---       #39
      00FF006DH   LINE      CODE     ---       #40
      00FF0077H   LINE      CODE     ---       #42
      00FF007AH   LINE      CODE     ---       #44
      00FF007CH   LINE      CODE     ---       #46
      00FF007FH   LINE      CODE     ---       #48
      00FF007FH   LINE      CODE     ---       #49
      ---         BLOCKEND  ---      ---       LVL=0

      ---         MODULE    ---      ---       uart1
      00FF06A4H   PUBLIC    CODE     ---       SendDataByUart1
      00FF0416H   PUBLIC    CODE     ---       Uart1_Init
      00FF0688H   PUBLIC    CODE     ---       Uart1
      00000020H.0 PUBLIC    BIT      BIT       B_TX1_Busy
      00000089H.6 SFRSYM    DATA     BIT       T1_CT
      000000D0H   SFRSYM    DATA     BYTE      PSW
      0000009DH   SFRSYM    DATA     BYTE      IRCBAND
      00000097H   SFRSYM    DATA     BYTE      AUXR2
      0000008EH.0 SFRSYM    DATA     BIT       S1BRT
      000000EFH   SFRSYM    DATA     BYTE      AUXINTIF
      000000FDH   SFRSYM    DATA     BYTE      S4CON
      000000ACH   SFRSYM    DATA     BYTE      S3CON
      0000009AH   SFRSYM    DATA     BYTE      S2CON
      00000098H.4 SFRSYM    DATA     BIT       REN
      0000008EH.6 SFRSYM    DATA     BIT       T1x12
      000000B7H   SFRSYM    DATA     BYTE      IPH
      000000CDH   SFRSYM    DATA     BYTE      SPSTAT
      000000DDH   SFRSYM    DATA     BYTE      T4T3M
      000000C1H   SFRSYM    DATA     BYTE      WDT_CONTR
      00000088H.6 SFRSYM    DATA     BIT       TR1
      0000008BH   SFRSYM    DATA     BYTE      TL1
      0000008DH   SFRSYM    DATA     BYTE      TH1
      000000DFH   SFRSYM    DATA     BYTE      IP3
      000000F4H   SFRSYM    DATA     BYTE      USBCON
      000000B5H   SFRSYM    DATA     BYTE      IP2
      000000FFH   SFRSYM    DATA     BYTE      RSTCFG
      000000A8H.3 SFRSYM    DATA     BIT       ET1
      000000C7H   SFRSYM    DATA     BYTE      IAP_CONTR
      000000F9H   SFRSYM    DATA     BYTE      LINICR
      0000008EH   SFRSYM    DATA     BYTE      AUXR
      000000AFH   SFRSYM    DATA     BYTE      IE2
      00000088H   SFRSYM    DATA     BYTE      TCON
      00000089H   SFRSYM    DATA     BYTE      TMOD
      00000098H   SFRSYM    DATA     BYTE      SCON
      000000F1H   SFRSYM    DATA     BYTE      CANICR
      00000087H   SFRSYM    DATA     BYTE      PCON
      00000099H   SFRSYM    DATA     BYTE      SBUF
      000000BCH   SFRSYM    DATA     BYTE      ADC_CONTR
      000000E7H   SFRSYM    DATA     BYTE      CMPCR2
L251 LINKER/LOCATER V4.66.93.0                                                        03/04/2024  11:37:30  PAGE 16


      000000E6H   SFRSYM    DATA     BYTE      CMPCR1
      00000098H.1 SFRSYM    DATA     BIT       TI
      00000098H.0 SFRSYM    DATA     BIT       RI
      000000DEH   SFRSYM    DATA     BYTE      ADCCFG
      000000B8H   SFRSYM    DATA     BYTE      IP
      000000A8H.4 SFRSYM    DATA     BIT       ES
      0000008FH   SFRSYM    DATA     BYTE      INTCLKO
      000000EEH   SFRSYM    DATA     BYTE      IP3H
      000000B6H   SFRSYM    DATA     BYTE      IP2H
      000000A8H   SFRSYM    DATA     BYTE      IE
      000000BBH   SFRSYM    DATA     BYTE      P_SW3
      000000BAH   SFRSYM    DATA     BYTE      P_SW2
      000000A2H   SFRSYM    DATA     BYTE      P_SW1
      000000CEH   SFRSYM    DATA     BYTE      SPCTL
      000000F8H   SFRSYM    DATA     BYTE      P7
      000000E8H   SFRSYM    DATA     BYTE      P6
      000000C8H   SFRSYM    DATA     BYTE      P5
      000000C0H   SFRSYM    DATA     BYTE      P4
      000000B0H   SFRSYM    DATA     BYTE      P3
      000000A0H   SFRSYM    DATA     BYTE      P2
      000000B1H   SFRSYM    DATA     BYTE      P3M1
      00000090H   SFRSYM    DATA     BYTE      P1
      000000B2H   SFRSYM    DATA     BYTE      P3M0
      00000080H   SFRSYM    DATA     BYTE      P0

      00FF0416H   BLOCK     CODE     ---       LVL=0
      00FF0416H   LINE      CODE     ---       #24
      00FF0416H   LINE      CODE     ---       #26
      00FF041CH   LINE      CODE     ---       #27
      00FF041EH   LINE      CODE     ---       #28
      00FF0421H   LINE      CODE     ---       #29
      00FF0424H   LINE      CODE     ---       #30
      00FF0427H   LINE      CODE     ---       #31
      00FF042AH   LINE      CODE     ---       #32
      00FF042DH   LINE      CODE     ---       #33
      00FF0430H   LINE      CODE     ---       #34
      00FF0432H   LINE      CODE     ---       #35
      00FF0434H   LINE      CODE     ---       #37
      00FF043CH   LINE      CODE     ---       #38
      00FF043EH   LINE      CODE     ---       #39
      00FF0440H   LINE      CODE     ---       #40
      00FF0443H   LINE      CODE     ---       #41
      00FF0445H   LINE      CODE     ---       #43
      ---         BLOCKEND  ---      ---       LVL=0

      00FF06A4H   BLOCK     CODE     ---       LVL=0
      R11         REGSYM    ---      BYTE      dat
      00FF06A4H   LINE      CODE     ---       #50
      00FF06A4H   LINE      CODE     ---       #52
      00FF06A7H   LINE      CODE     ---       #53
      00FF06A9H   LINE      CODE     ---       #54
      00FF06ACH   LINE      CODE     ---       #55
      ---         BLOCKEND  ---      ---       LVL=0

      00FF0688H   BLOCK     CODE     ---       LVL=0
      00FF0688H   LINE      CODE     ---       #61
      00FF0688H   LINE      CODE     ---       #63
      00FF068AH   LINE      CODE     ---       #64
      00FF068DH   LINE      CODE     ---       #66
      00FF068FH   LINE      CODE     ---       #68
      00FF068FH   LINE      CODE     ---       #69
      00FF0692H   LINE      CODE     ---       #71
      00FF0694H   LINE      CODE     ---       #72
      00FF0696H   LINE      CODE     ---       #73
      00FF0696H   LINE      CODE     ---       #74
L251 LINKER/LOCATER V4.66.93.0                                                        03/04/2024  11:37:30  PAGE 17


      00FF0698H   LINE      CODE     ---       #75
      ---         BLOCKEND  ---      ---       LVL=0

      ---         MODULE    ---      ---       uart2
      00FF0610H   PUBLIC    CODE     ---       update_car
      00FF05E0H   PUBLIC    CODE     ---       UART2_Rx_buff
      00FF0026H   PUBLIC    CODE     ---       Uart2_Init
      00FF0499H   PUBLIC    CODE     ---       Uart2
      00FF0446H   PUBLIC    CODE     ---       delay_with_BLE
      0000000CH   PUBLIC    EDATA    BYTE      Flg
      0000000DH   PUBLIC    EDATA    BYTE      uart2temp
      0000000EH   PUBLIC    EDATA    BYTE      i
      000000D0H   SFRSYM    DATA     BYTE      PSW
      0000009DH   SFRSYM    DATA     BYTE      IRCBAND
      00000097H   SFRSYM    DATA     BYTE      AUXR2
      000000EFH   SFRSYM    DATA     BYTE      AUXINTIF
      000000FDH   SFRSYM    DATA     BYTE      S4CON
      000000ACH   SFRSYM    DATA     BYTE      S3CON
      0000009AH   SFRSYM    DATA     BYTE      S2CON
      0000009BH   SFRSYM    DATA     BYTE      S2BUF
      000000B7H   SFRSYM    DATA     BYTE      IPH
      000000CDH   SFRSYM    DATA     BYTE      SPSTAT
      000000DDH   SFRSYM    DATA     BYTE      T4T3M
      000000C1H   SFRSYM    DATA     BYTE      WDT_CONTR
      000000D7H   SFRSYM    DATA     BYTE      T2L
      000000D6H   SFRSYM    DATA     BYTE      T2H
      000000DFH   SFRSYM    DATA     BYTE      IP3
      000000F4H   SFRSYM    DATA     BYTE      USBCON
      000000B5H   SFRSYM    DATA     BYTE      IP2
      000000FFH   SFRSYM    DATA     BYTE      RSTCFG
      000000C7H   SFRSYM    DATA     BYTE      IAP_CONTR
      000000F9H   SFRSYM    DATA     BYTE      LINICR
      0000008EH   SFRSYM    DATA     BYTE      AUXR
      000000AFH   SFRSYM    DATA     BYTE      IE2
      00000088H   SFRSYM    DATA     BYTE      TCON
      00000089H   SFRSYM    DATA     BYTE      TMOD
      00000098H   SFRSYM    DATA     BYTE      SCON
      000000F1H   SFRSYM    DATA     BYTE      CANICR
      00000087H   SFRSYM    DATA     BYTE      PCON
      000000BCH   SFRSYM    DATA     BYTE      ADC_CONTR
      000000E7H   SFRSYM    DATA     BYTE      CMPCR2
      000000E6H   SFRSYM    DATA     BYTE      CMPCR1
      000000DEH   SFRSYM    DATA     BYTE      ADCCFG
      000000B8H   SFRSYM    DATA     BYTE      IP
      0000008FH   SFRSYM    DATA     BYTE      INTCLKO
      000000EEH   SFRSYM    DATA     BYTE      IP3H
      000000B6H   SFRSYM    DATA     BYTE      IP2H
      000000A8H   SFRSYM    DATA     BYTE      IE
      000000BBH   SFRSYM    DATA     BYTE      P_SW3
      000000BAH   SFRSYM    DATA     BYTE      P_SW2
      000000A2H   SFRSYM    DATA     BYTE      P_SW1
      000000CEH   SFRSYM    DATA     BYTE      SPCTL
      000000F8H   SFRSYM    DATA     BYTE      P7
      000000A8H.7 SFRSYM    DATA     BIT       EA
      000000E8H   SFRSYM    DATA     BYTE      P6
      000000C8H   SFRSYM    DATA     BYTE      P5
      000000C0H   SFRSYM    DATA     BYTE      P4
      000000B0H   SFRSYM    DATA     BYTE      P3
      000000A0H   SFRSYM    DATA     BYTE      P2
      00000090H   SFRSYM    DATA     BYTE      P1
      00000080H   SFRSYM    DATA     BYTE      P0

      00FF0026H   BLOCK     CODE     ---       LVL=0
      00FF0026H   LINE      CODE     ---       #20
      00FF0026H   LINE      CODE     ---       #22
L251 LINKER/LOCATER V4.66.93.0                                                        03/04/2024  11:37:30  PAGE 18


      00FF0029H   LINE      CODE     ---       #23
      00FF002CH   LINE      CODE     ---       #24
      00FF002FH   LINE      CODE     ---       #25
      00FF0032H   LINE      CODE     ---       #27
      00FF0035H   LINE      CODE     ---       #29
      00FF0038H   LINE      CODE     ---       #31
      00FF003AH   LINE      CODE     ---       #33
      ---         BLOCKEND  ---      ---       LVL=0

      00FF0499H   BLOCK     CODE     ---       LVL=0
      00FF0499H   LINE      CODE     ---       #42
      00FF049BH   LINE      CODE     ---       #44
      00FF049EH   LINE      CODE     ---       #45
      00FF04A4H   LINE      CODE     ---       #46
      00FF04A9H   LINE      CODE     ---       #48
      00FF04ACH   LINE      CODE     ---       #49
      00FF04B2H   LINE      CODE     ---       #50
      00FF04B2H   LINE      CODE     ---       #51
      00FF04B7H   LINE      CODE     ---       #53
      00FF04BAH   LINE      CODE     ---       #54
      00FF04BAH   LINE      CODE     ---       #55
      00FF04BDH   LINE      CODE     ---       #56
      ---         BLOCKEND  ---      ---       LVL=0

      00FF05E0H   BLOCK     CODE     ---       LVL=0
      00FF05E0H   LINE      CODE     ---       #63
      00FF05E0H   LINE      CODE     ---       #65
      00FF05E6H   LINE      CODE     ---       #67
      00FF05E9H   LINE      CODE     ---       #68
      00FF05F0H   LINE      CODE     ---       #100
      00FF05F3H   LINE      CODE     ---       #101
      00FF05F8H   LINE      CODE     ---       #102
      ---         BLOCKEND  ---      ---       LVL=0

      00FF0610H   BLOCK     CODE     ---       LVL=0
      R7          REGSYM    ---      BYTE      temp
      00FF0610H   LINE      CODE     ---       #105
      00FF0612H   LINE      CODE     ---       #108
      00FF0617H   LINE      CODE     ---       #110
      00FF061BH   LINE      CODE     ---       #111
      00FF061CH   LINE      CODE     ---       #114
      00FF0626H   LINE      CODE     ---       #115
      00FF0626H   LINE      CODE     ---       #116
      ---         BLOCKEND  ---      ---       LVL=0

      00FF0446H   BLOCK     CODE     ---       LVL=0
      R15         REGSYM    ---      BYTE      time
      00FF0446H   LINE      CODE     ---       #118
      00FF044AH   LINE      CODE     ---       #120
      00FF044FH   LINE      CODE     ---       #121
      00FF0451H   LINE      CODE     ---       #123
      00FF0458H   LINE      CODE     ---       #124
      00FF045BH   LINE      CODE     ---       #125
      00FF0462H   LINE      CODE     ---       #126
      00FF046FH   LINE      CODE     ---       #127
      ---         BLOCKEND  ---      ---       LVL=0

      ---         MODULE    ---      ---       Bluetooth
      00FF0323H   PUBLIC    CODE     ---       Adjust_Pwm_data
      00000011H   PUBLIC    EDATA    BYTE      Car_State_number
      000000D0H   SFRSYM    DATA     BYTE      PSW
      0000009DH   SFRSYM    DATA     BYTE      IRCBAND
      00000097H   SFRSYM    DATA     BYTE      AUXR2
      000000EFH   SFRSYM    DATA     BYTE      AUXINTIF
      000000FDH   SFRSYM    DATA     BYTE      S4CON
L251 LINKER/LOCATER V4.66.93.0                                                        03/04/2024  11:37:30  PAGE 19


      000000ACH   SFRSYM    DATA     BYTE      S3CON
      0000009AH   SFRSYM    DATA     BYTE      S2CON
      000000B7H   SFRSYM    DATA     BYTE      IPH
      000000CDH   SFRSYM    DATA     BYTE      SPSTAT
      000000DDH   SFRSYM    DATA     BYTE      T4T3M
      000000C1H   SFRSYM    DATA     BYTE      WDT_CONTR
      000000DFH   SFRSYM    DATA     BYTE      IP3
      000000F4H   SFRSYM    DATA     BYTE      USBCON
      000000B5H   SFRSYM    DATA     BYTE      IP2
      000000FFH   SFRSYM    DATA     BYTE      RSTCFG
      000000C7H   SFRSYM    DATA     BYTE      IAP_CONTR
      000000F9H   SFRSYM    DATA     BYTE      LINICR
      0000008EH   SFRSYM    DATA     BYTE      AUXR
      000000AFH   SFRSYM    DATA     BYTE      IE2
      00000088H   SFRSYM    DATA     BYTE      TCON
      00000089H   SFRSYM    DATA     BYTE      TMOD
      00000098H   SFRSYM    DATA     BYTE      SCON
      000000F1H   SFRSYM    DATA     BYTE      CANICR
      00000087H   SFRSYM    DATA     BYTE      PCON
      000000BCH   SFRSYM    DATA     BYTE      ADC_CONTR
      000000E7H   SFRSYM    DATA     BYTE      CMPCR2
      000000E6H   SFRSYM    DATA     BYTE      CMPCR1
      000000DEH   SFRSYM    DATA     BYTE      ADCCFG
      000000B8H   SFRSYM    DATA     BYTE      IP
      0000008FH   SFRSYM    DATA     BYTE      INTCLKO
      000000EEH   SFRSYM    DATA     BYTE      IP3H
      000000B6H   SFRSYM    DATA     BYTE      IP2H
      000000A8H   SFRSYM    DATA     BYTE      IE
      000000BBH   SFRSYM    DATA     BYTE      P_SW3
      000000BAH   SFRSYM    DATA     BYTE      P_SW2
      000000A2H   SFRSYM    DATA     BYTE      P_SW1
      000000CEH   SFRSYM    DATA     BYTE      SPCTL
      000000F8H   SFRSYM    DATA     BYTE      P7
      000000E8H   SFRSYM    DATA     BYTE      P6
      000000C8H   SFRSYM    DATA     BYTE      P5
      000000C0H   SFRSYM    DATA     BYTE      P4
      000000B0H   SFRSYM    DATA     BYTE      P3
      000000A0H   SFRSYM    DATA     BYTE      P2
      00000090H   SFRSYM    DATA     BYTE      P1
      00000080H   SFRSYM    DATA     BYTE      P0

      00FF0323H   BLOCK     CODE     ---       LVL=0
      00FF0323H   LINE      CODE     ---       #21
      00FF0323H   LINE      CODE     ---       #23
      00FF0353H   LINE      CODE     ---       #25
      00FF0353H   LINE      CODE     ---       #26
      00FF035AH   LINE      CODE     ---       #27
      00FF035AH   LINE      CODE     ---       #28
      00FF035AH   LINE      CODE     ---       #29
      00FF0361H   LINE      CODE     ---       #30
      00FF0361H   LINE      CODE     ---       #31
      00FF0361H   LINE      CODE     ---       #32
      00FF0368H   LINE      CODE     ---       #33
      00FF0368H   LINE      CODE     ---       #34
      00FF0368H   LINE      CODE     ---       #35
      00FF036FH   LINE      CODE     ---       #36
      00FF036FH   LINE      CODE     ---       #37
      00FF036FH   LINE      CODE     ---       #38
      00FF036FH   LINE      CODE     ---       #39
      00FF0371H   LINE      CODE     ---       #44
      00FF0371H   LINE      CODE     ---       #45
      00FF0378H   LINE      CODE     ---       #46
      00FF0378H   LINE      CODE     ---       #47
      00FF0378H   LINE      CODE     ---       #48
      00FF037FH   LINE      CODE     ---       #49
L251 LINKER/LOCATER V4.66.93.0                                                        03/04/2024  11:37:30  PAGE 20


      00FF037FH   LINE      CODE     ---       #54
      00FF037FH   LINE      CODE     ---       #55
      00FF0386H   LINE      CODE     ---       #56
      00FF0386H   LINE      CODE     ---       #57
      00FF0386H   LINE      CODE     ---       #58
      00FF038DH   LINE      CODE     ---       #59
      00FF038DH   LINE      CODE     ---       #61
      00FF038DH   LINE      CODE     ---       #62
      00FF0390H   LINE      CODE     ---       #63
      00FF0390H   LINE      CODE     ---       #64
      00FF0390H   LINE      CODE     ---       #65
      ---         BLOCKEND  ---      ---       LVL=0

      ---         MODULE    ---      ---       beep
      00FF04C0H   PUBLIC    CODE     ---       timer0_int
      00FF0003H   PUBLIC    CODE     ---       BeepInit
      00FF04E0H   PUBLIC    CODE     ---       DealBeep_with_BLE
      00FF0699H   PUBLIC    CODE     ---       Timer0Init
      00FF063CH   PUBLIC    CODE     ---       DealBeep
      00000021H   PUBLIC    EDATA    ---       HighFrequency
      00000045H   PUBLIC    EDATA    BYTE      Timer0_TH0
      00000046H   PUBLIC    EDATA    BYTE      Timer0_TL0
      00000047H   PUBLIC    EDATA    ---       LowFrequency
      000000D0H   SFRSYM    DATA     BYTE      PSW
      0000009DH   SFRSYM    DATA     BYTE      IRCBAND
      00000097H   SFRSYM    DATA     BYTE      AUXR2
      000000EFH   SFRSYM    DATA     BYTE      AUXINTIF
      000000FDH   SFRSYM    DATA     BYTE      S4CON
      000000ACH   SFRSYM    DATA     BYTE      S3CON
      0000009AH   SFRSYM    DATA     BYTE      S2CON
      00000089H.1 SFRSYM    DATA     BIT       T0_M1
      00000089H.0 SFRSYM    DATA     BIT       T0_M0
      000000B7H   SFRSYM    DATA     BYTE      IPH
      000000CDH   SFRSYM    DATA     BYTE      SPSTAT
      000000DDH   SFRSYM    DATA     BYTE      T4T3M
      000000C1H   SFRSYM    DATA     BYTE      WDT_CONTR
      00000088H.4 SFRSYM    DATA     BIT       TR0
      0000008AH   SFRSYM    DATA     BYTE      TL0
      0000008CH   SFRSYM    DATA     BYTE      TH0
      000000DFH   SFRSYM    DATA     BYTE      IP3
      000000F4H   SFRSYM    DATA     BYTE      USBCON
      000000B5H   SFRSYM    DATA     BYTE      IP2
      000000FFH   SFRSYM    DATA     BYTE      RSTCFG
      00000088H.5 SFRSYM    DATA     BIT       TF0
      000000A8H.1 SFRSYM    DATA     BIT       ET0
      000000C7H   SFRSYM    DATA     BYTE      IAP_CONTR
      000000F9H   SFRSYM    DATA     BYTE      LINICR
      0000008EH   SFRSYM    DATA     BYTE      AUXR
      000000AFH   SFRSYM    DATA     BYTE      IE2
      00000088H   SFRSYM    DATA     BYTE      TCON
      00000089H   SFRSYM    DATA     BYTE      TMOD
      00000098H   SFRSYM    DATA     BYTE      SCON
      000000F1H   SFRSYM    DATA     BYTE      CANICR
      00000087H   SFRSYM    DATA     BYTE      PCON
      000000BCH   SFRSYM    DATA     BYTE      ADC_CONTR
      000000E7H   SFRSYM    DATA     BYTE      CMPCR2
      000000E6H   SFRSYM    DATA     BYTE      CMPCR1
      000000B0H.6 SFRSYM    DATA     BIT       BEEP
      000000DEH   SFRSYM    DATA     BYTE      ADCCFG
      000000B8H   SFRSYM    DATA     BYTE      IP
      0000008FH   SFRSYM    DATA     BYTE      INTCLKO
      000000EEH   SFRSYM    DATA     BYTE      IP3H
      000000B6H   SFRSYM    DATA     BYTE      IP2H
      000000A8H   SFRSYM    DATA     BYTE      IE
      000000BBH   SFRSYM    DATA     BYTE      P_SW3
L251 LINKER/LOCATER V4.66.93.0                                                        03/04/2024  11:37:30  PAGE 21


      000000BAH   SFRSYM    DATA     BYTE      P_SW2
      000000A2H   SFRSYM    DATA     BYTE      P_SW1
      000000CEH   SFRSYM    DATA     BYTE      SPCTL
      000000F8H   SFRSYM    DATA     BYTE      P7
      000000A8H.7 SFRSYM    DATA     BIT       EA
      000000E8H   SFRSYM    DATA     BYTE      P6
      000000C8H   SFRSYM    DATA     BYTE      P5
      000000C0H   SFRSYM    DATA     BYTE      P4
      000000B0H   SFRSYM    DATA     BYTE      P3
      000000A0H   SFRSYM    DATA     BYTE      P2
      000000B1H   SFRSYM    DATA     BYTE      P3M1
      00000090H   SFRSYM    DATA     BYTE      P1
      000000B2H   SFRSYM    DATA     BYTE      P3M0
      00000080H   SFRSYM    DATA     BYTE      P0

      00FF0003H   BLOCK     CODE     ---       LVL=0
      00FF0003H   LINE      CODE     ---       #45
      00FF0003H   LINE      CODE     ---       #47
      00FF0006H   LINE      CODE     ---       #48
      00FF0009H   LINE      CODE     ---       #49
      ---         BLOCKEND  ---      ---       LVL=0

      00FF0699H   BLOCK     CODE     ---       LVL=0
      00FF0699H   LINE      CODE     ---       #51
      00FF0699H   LINE      CODE     ---       #57
      00FF069CH   LINE      CODE     ---       #58
      00FF069FH   LINE      CODE     ---       #61
      00FF06A1H   LINE      CODE     ---       #62
      00FF06A3H   LINE      CODE     ---       #65
      ---         BLOCKEND  ---      ---       LVL=0

      00FF04C0H   BLOCK     CODE     ---       LVL=0
      00FF04C0H   LINE      CODE     ---       #67
      00FF04C2H   LINE      CODE     ---       #70
      00FF04C4H   LINE      CODE     ---       #71
      00FF04CDH   LINE      CODE     ---       #72
      00FF04D3H   LINE      CODE     ---       #73
      00FF04D9H   LINE      CODE     ---       #74
      00FF04DBH   LINE      CODE     ---       #75
      00FF04DDH   LINE      CODE     ---       #76
      ---         BLOCKEND  ---      ---       LVL=0

      00FF063CH   BLOCK     CODE     ---       LVL=0
      WR6         REGSYM    ---      WORD      time
      00FF063CH   LINE      CODE     ---       #78
      00FF063CH   LINE      CODE     ---       #79
      00FF0642H   LINE      CODE     ---       #80
      00FF0648H   LINE      CODE     ---       #81
      00FF064AH   LINE      CODE     ---       #84
      00FF064DH   LINE      CODE     ---       #86
      00FF064FH   LINE      CODE     ---       #87
      ---         BLOCKEND  ---      ---       LVL=0

      00FF04E0H   BLOCK     CODE     ---       LVL=0
      R5          REGSYM    ---      BYTE      time
      R10         REGSYM    ---      BYTE      pitch_num
      00FF04E0H   LINE      CODE     ---       #89
      00FF04E2H   LINE      CODE     ---       #91
      00FF04EAH   LINE      CODE     ---       #92
      00FF04F0H   LINE      CODE     ---       #93
      00FF04F2H   LINE      CODE     ---       #98
      00FF04F7H   LINE      CODE     ---       #100
      00FF04F9H   LINE      CODE     ---       #102
      ---         BLOCKEND  ---      ---       LVL=0

L251 LINKER/LOCATER V4.66.93.0                                                        03/04/2024  11:37:30  PAGE 22


      ---         MODULE    ---      ---       sr04
      00FF0390H   PUBLIC    CODE     ---       calc_dist
      00FF0676H   PUBLIC    CODE     ---       Counter_Number_DATA
      00FF04FEH   PUBLIC    CODE     ---       Start_SR04_Module
      00FF0094H   PUBLIC    CODE     ---       Timer3Init
      00000008H   PUBLIC    EDATA    WORD      time
      0000000AH   PUBLIC    EDATA    WORD      S
      000000D0H   SFRSYM    DATA     BYTE      PSW
      0000009DH   SFRSYM    DATA     BYTE      IRCBAND
      00000097H   SFRSYM    DATA     BYTE      AUXR2
      000000EFH   SFRSYM    DATA     BYTE      AUXINTIF
      000000FDH   SFRSYM    DATA     BYTE      S4CON
      000000ACH   SFRSYM    DATA     BYTE      S3CON
      0000009AH   SFRSYM    DATA     BYTE      S2CON
      000000B7H   SFRSYM    DATA     BYTE      IPH
      000000CDH   SFRSYM    DATA     BYTE      SPSTAT
      000000DDH   SFRSYM    DATA     BYTE      T4T3M
      000000DDH.3 SFRSYM    DATA     BIT       T3R
      000000C1H   SFRSYM    DATA     BYTE      WDT_CONTR
      000000D5H   SFRSYM    DATA     BYTE      T3L
      000000D4H   SFRSYM    DATA     BYTE      T3H
      000000DFH   SFRSYM    DATA     BYTE      IP3
      000000F4H   SFRSYM    DATA     BYTE      USBCON
      000000B5H   SFRSYM    DATA     BYTE      IP2
      000000FFH   SFRSYM    DATA     BYTE      RSTCFG
      000000C7H   SFRSYM    DATA     BYTE      IAP_CONTR
      000000F9H   SFRSYM    DATA     BYTE      LINICR
      0000008EH   SFRSYM    DATA     BYTE      AUXR
      000000AFH   SFRSYM    DATA     BYTE      IE2
      00000088H   SFRSYM    DATA     BYTE      TCON
      00000089H   SFRSYM    DATA     BYTE      TMOD
      00000098H   SFRSYM    DATA     BYTE      SCON
      000000DDH.0 SFRSYM    DATA     BIT       T3CLKO
      000000F1H   SFRSYM    DATA     BYTE      CANICR
      00000087H   SFRSYM    DATA     BYTE      PCON
      000000BCH   SFRSYM    DATA     BYTE      ADC_CONTR
      000000E7H   SFRSYM    DATA     BYTE      CMPCR2
      000000E6H   SFRSYM    DATA     BYTE      CMPCR1
      000000DEH   SFRSYM    DATA     BYTE      ADCCFG
      000000B8H   SFRSYM    DATA     BYTE      IP
      00000090H.3 SFRSYM    DATA     BIT       Trig
      0000008FH   SFRSYM    DATA     BYTE      INTCLKO
      000000EEH   SFRSYM    DATA     BYTE      IP3H
      000000B6H   SFRSYM    DATA     BYTE      IP2H
      000000A8H   SFRSYM    DATA     BYTE      IE
      000000BBH   SFRSYM    DATA     BYTE      P_SW3
      000000BAH   SFRSYM    DATA     BYTE      P_SW2
      000000A2H   SFRSYM    DATA     BYTE      P_SW1
      000000CEH   SFRSYM    DATA     BYTE      SPCTL
      000000F8H   SFRSYM    DATA     BYTE      P7
      000000E8H   SFRSYM    DATA     BYTE      P6
      000000C8H   SFRSYM    DATA     BYTE      P5
      000000C0H   SFRSYM    DATA     BYTE      P4
      000000B0H   SFRSYM    DATA     BYTE      P3
      000000A0H   SFRSYM    DATA     BYTE      P2
      00000090H   SFRSYM    DATA     BYTE      P1
      000000C0H.0 SFRSYM    DATA     BIT       Echo
      00000080H   SFRSYM    DATA     BYTE      P0
      000000DDH.2 SFRSYM    DATA     BIT       T3_CT

      00FF04FEH   BLOCK     CODE     ---       LVL=0
      00FF04FEH   LINE      CODE     ---       #15
      00FF04FEH   LINE      CODE     ---       #16
      00FF0500H   LINE      CODE     ---       #17
      00FF0501H   LINE      CODE     ---       #18
L251 LINKER/LOCATER V4.66.93.0                                                        03/04/2024  11:37:30  PAGE 23


      00FF0502H   LINE      CODE     ---       #19
      00FF0503H   LINE      CODE     ---       #20
      00FF0504H   LINE      CODE     ---       #21
      00FF0505H   LINE      CODE     ---       #22
      00FF0506H   LINE      CODE     ---       #23
      00FF0507H   LINE      CODE     ---       #24
      00FF0508H   LINE      CODE     ---       #25
      00FF0509H   LINE      CODE     ---       #26
      00FF050AH   LINE      CODE     ---       #27
      00FF050BH   LINE      CODE     ---       #28
      00FF050CH   LINE      CODE     ---       #29
      00FF050DH   LINE      CODE     ---       #30
      00FF050EH   LINE      CODE     ---       #31
      00FF050FH   LINE      CODE     ---       #32
      00FF0510H   LINE      CODE     ---       #33
      00FF0511H   LINE      CODE     ---       #34
      00FF0512H   LINE      CODE     ---       #35
      00FF0513H   LINE      CODE     ---       #36
      00FF0514H   LINE      CODE     ---       #37
      00FF0515H   LINE      CODE     ---       #38
      00FF0517H   LINE      CODE     ---       #39
      ---         BLOCKEND  ---      ---       LVL=0

      00FF0676H   BLOCK     CODE     ---       LVL=0
      00FF0676H   LINE      CODE     ---       #41
      00FF0676H   LINE      CODE     ---       #42
      00FF0679H   LINE      CODE     ---       #43
      00FF067CH   LINE      CODE     ---       #44
      00FF067FH   LINE      CODE     ---       #45
      00FF0682H   LINE      CODE     ---       #46
      00FF0685H   LINE      CODE     ---       #47
      ---         BLOCKEND  ---      ---       LVL=0

      00FF0094H   BLOCK     CODE     ---       LVL=0
      00FF0094H   LINE      CODE     ---       #50
      00FF0094H   LINE      CODE     ---       #57
      00FF0097H   LINE      CODE     ---       #58
      00FF009AH   LINE      CODE     ---       #60
      00FF009DH   LINE      CODE     ---       #61
      00FF00A0H   LINE      CODE     ---       #67
      ---         BLOCKEND  ---      ---       LVL=0

      00FF0390H   BLOCK     CODE     ---       LVL=0
      00FF0390H   LINE      CODE     ---       #70
      00FF0390H   LINE      CODE     ---       #72
      00FF03A4H   LINE      CODE     ---       #73
      00FF03A7H   LINE      CODE     ---       #74
      00FF03AAH   LINE      CODE     ---       #75
      00FF03D6H   LINE      CODE     ---       #76
      ---         BLOCKEND  ---      ---       LVL=0

      ---         MODULE    ---      ---       LED
      00FF0663H   PUBLIC    CODE     ---       LEDInit
      00000094H   SFRSYM    DATA     BYTE      P0M0
      000000D0H   SFRSYM    DATA     BYTE      PSW
      0000009DH   SFRSYM    DATA     BYTE      IRCBAND
      00000097H   SFRSYM    DATA     BYTE      AUXR2
      000000EFH   SFRSYM    DATA     BYTE      AUXINTIF
      000000FDH   SFRSYM    DATA     BYTE      S4CON
      000000ACH   SFRSYM    DATA     BYTE      S3CON
      0000009AH   SFRSYM    DATA     BYTE      S2CON
      000000B7H   SFRSYM    DATA     BYTE      IPH
      000000CDH   SFRSYM    DATA     BYTE      SPSTAT
      000000DDH   SFRSYM    DATA     BYTE      T4T3M
      000000C1H   SFRSYM    DATA     BYTE      WDT_CONTR
L251 LINKER/LOCATER V4.66.93.0                                                        03/04/2024  11:37:30  PAGE 24


      000000DFH   SFRSYM    DATA     BYTE      IP3
      000000F4H   SFRSYM    DATA     BYTE      USBCON
      000000B5H   SFRSYM    DATA     BYTE      IP2
      000000FFH   SFRSYM    DATA     BYTE      RSTCFG
      000000C7H   SFRSYM    DATA     BYTE      IAP_CONTR
      000000F9H   SFRSYM    DATA     BYTE      LINICR
      0000008EH   SFRSYM    DATA     BYTE      AUXR
      000000AFH   SFRSYM    DATA     BYTE      IE2
      00000088H   SFRSYM    DATA     BYTE      TCON
      00000089H   SFRSYM    DATA     BYTE      TMOD
      00000098H   SFRSYM    DATA     BYTE      SCON
      000000F1H   SFRSYM    DATA     BYTE      CANICR
      00000087H   SFRSYM    DATA     BYTE      PCON
      000000BCH   SFRSYM    DATA     BYTE      ADC_CONTR
      000000E7H   SFRSYM    DATA     BYTE      CMPCR2
      000000E6H   SFRSYM    DATA     BYTE      CMPCR1
      000000DEH   SFRSYM    DATA     BYTE      ADCCFG
      000000B8H   SFRSYM    DATA     BYTE      IP
      0000008FH   SFRSYM    DATA     BYTE      INTCLKO
      000000EEH   SFRSYM    DATA     BYTE      IP3H
      000000B6H   SFRSYM    DATA     BYTE      IP2H
      000000A8H   SFRSYM    DATA     BYTE      IE
      000000BBH   SFRSYM    DATA     BYTE      P_SW3
      000000BAH   SFRSYM    DATA     BYTE      P_SW2
      000000A2H   SFRSYM    DATA     BYTE      P_SW1
      000000CEH   SFRSYM    DATA     BYTE      SPCTL
      000000B0H.4 SFRSYM    DATA     BIT       LED_R
      000000F8H   SFRSYM    DATA     BYTE      P7
      000000E8H   SFRSYM    DATA     BYTE      P6
      000000C8H   SFRSYM    DATA     BYTE      P5
      000000C0H   SFRSYM    DATA     BYTE      P4
      000000B0H   SFRSYM    DATA     BYTE      P3
      000000A0H   SFRSYM    DATA     BYTE      P2
      000000B1H   SFRSYM    DATA     BYTE      P3M1
      00000080H.5 SFRSYM    DATA     BIT       LED_L
      00000090H   SFRSYM    DATA     BYTE      P1
      000000B2H   SFRSYM    DATA     BYTE      P3M0
      00000080H   SFRSYM    DATA     BYTE      P0
      00000093H   SFRSYM    DATA     BYTE      P0M1

      00FF0663H   BLOCK     CODE     ---       LVL=0
      00FF0663H   LINE      CODE     ---       #7
      00FF0663H   LINE      CODE     ---       #9
      00FF0666H   LINE      CODE     ---       #10
      00FF066AH   LINE      CODE     ---       #12
      00FF066DH   LINE      CODE     ---       #13
      00FF0671H   LINE      CODE     ---       #15
      00FF0673H   LINE      CODE     ---       #16
      00FF0675H   LINE      CODE     ---       #17
      ---         BLOCKEND  ---      ---       LVL=0

      ---         MODULE    ---      ---       ?C?FPMUL
      00FF00A6H   PUBLIC    CODE     ---       ?C?FPMUL

      ---         MODULE    ---      ---       ?C?FPDIV
      00FF0146H   PUBLIC    CODE     ---       ?C?FPDIV

      ---         MODULE    ---      ---       ?C?FCAST
      00FF01D1H   PUBLIC    CODE     NEAR LAB  ?C?FCASTC
      00FF01CCH   PUBLIC    CODE     NEAR LAB  ?C?FCASTI
      00FF01C7H   PUBLIC    CODE     NEAR LAB  ?C?FCASTL

      ---         MODULE    ---      ---       ?C?CASTF
      00FF0204H   PUBLIC    CODE     NEAR LAB  ?C?CASTF

L251 LINKER/LOCATER V4.66.93.0                                                        03/04/2024  11:37:30  PAGE 25


      ---         MODULE    ---      ---       ?C?FPGETOPN
      00FF0241H   PUBLIC    CODE     ---       ?C?FPGETOPN2
      00FF027EH   PUBLIC    CODE     ---       ?C?FPNANRESULT
      00FF0286H   PUBLIC    CODE     ---       ?C?FPOVERFLOW
      00FF025AH   PUBLIC    CODE     ---       ?C?FPRESULT
      00FF0270H   PUBLIC    CODE     ---       ?C?FPRESULT2
      00FF0283H   PUBLIC    CODE     ---       ?C?FPUNDERFLOW

      ---         MODULE    ---      ---       ?C_START
      00FF0000H   PUBLIC    CODE     ---       ?C?STARTUP
      00FF0000H   PUBLIC    CODE     ---       ?C_STARTUP

      ---         MODULE    ---      ---       ?C?INITEDATA
      00FF03EAH   PUBLIC    CODE     ---       ?C?INITEDATA

      ---         MODULE    ---      ---       ?C?INITEDATA_END
      00FF072CH   PUBLIC    HCONST   WORD      ?C?INITEDATA_END



*** WARNING L57: UNCALLED FUNCTION, IGNORED FOR OVERLAY PROCESS
    NAME:    DealBeep/beep

******************************************************************************
* RESTRICTED VERSION WITH 0800H BYTE CODE SIZE LIMIT; USED: 04F9H BYTE (62%) *
******************************************************************************

Program Size: data=8.1 edata+hdata=340 xdata=0 const=129 code=1704
L251 RUN COMPLETE.  1 WARNING(S),  0 ERROR(S)
