C251 COMPILER V5.60.0,  timer                                                              04/03/24  11:37:29  PAGE 1   


C251 COMPILER V5.60.0, COMPILATION OF MODULE timer
OBJECT MODULE PLACED IN .\Objects\timer.obj
COMPILER INVOKED BY: D:\Keil_v5\C251\BIN\C251.EXE HARDWARE\src\timer.c XSMALL BROWSE INCDIR(.\HARDWARE\inc) DEBUG PRINT(
                    -.\Listings\timer.lst) TABS(2) OBJECT(.\Objects\timer.obj) 

stmt  level    source

    1          #include "timer.h"   
    2          #include "motor.h" 
    3          #include "Bluetooth.h" 
    4          /*--------------------------------------------------------------*/
    5          /* --- -----------------实验内容 -------------------------------*/
    6          /* --- 1-了解STC-ISP工具生产延时函数方法 -----------------------*/
    7          /* --- 2-掌握子函数的创建与调用---------------------------------*/
    8          /* --- 实验平台：未来电子STC32核心板----------------------------*/
    9          /* --- 视频学习：https://space.bilibili.com/494969171 ----------*/
   10          /* --- QQ交流群：702805632 -------------------------------------*/
   11          /* --- 参考资料：STC32实验室参考例程 ---------------------------*/
   12          /*--------------------------------------------------------------*/ 
   13          uint8 Time_Count_pwm = 0; 
   14          uint8 PWM_Count = 20; //占空比
   15          /***********************************************************
   16          功能描述：定时器4初始化  //250微秒@24.000MHz
   17          入口参数：无
   18          返回值：无
   19          ************************************************************/
   20          void Timer4Init(void)
   21          {
   22   1        T4T3M &= 0xBF;                  //定时器4设置为定时方式
   23   1        T4T3M |= 0x20;                  //设置定时器4为1T模式
   24   1        T4L = 0x90;                     //1T模式下初始装载值 
   25   1        T4H = 0xE8;                     //1T模式下初始装载值 
   26   1        IE2  |=  (1<<6);                //使能定时器4中断
   27   1        T4T3M |= 0x80;                  //打开定时器4
   28   1      } 
   29          /***********************************************************
   30          功能描述：定时器4中断服务程序
   31          入口参数：无
   32          返回值：无       250us进入1次中断 
   33          ************************************************************/
   34          void timer4_int (void) interrupt 20
   35          {
   36   1        if(++Time_Count_pwm>100)
   37   1         {
   38   2            Time_Count_pwm=0;
   39   2         } 
   40   1         if(Time_Count_pwm>=PWM_Count)//PWM调速
   41   1         {
   42   2            Car_Stop(); //置为低电平
   43   2           
   44   2         }else{    
   45   2           
   46   2           Adjust_Pwm_data(); //调节PWM
   47   2           
   48   2         } 
   49   1      } 
   50          
   51          /*********************************END FILE********************************************/ 
   52          
   53          
   54          
   55          
   56          
   57          
   58          
C251 COMPILER V5.60.0,  timer                                                              04/03/24  11:37:29  PAGE 2   

   59          
   60          
   61          
   62          
   63          
   64          
   65          
   66          
   67          
   68          
   69          
   70          
   71          
   72          
   73          
   74          
   75          
   76          
   77          
   78          
   79          
   80          
   81          
   82          
   83          
   84          
   85          
   86          
   87          


Module Information          Static   Overlayable
------------------------------------------------
  code size            =       100     ------
  ecode size           =    ------     ------
  data size            =    ------     ------
  idata size           =    ------     ------
  pdata size           =    ------     ------
  xdata size           =    ------     ------
  xdata-const size     =    ------     ------
  edata size           =         2     ------
  bit size             =    ------     ------
  ebit size            =    ------     ------
  bitaddressable size  =    ------     ------
  ebitaddressable size =    ------     ------
  far data size        =    ------     ------
  huge data size       =    ------     ------
  const size           =    ------     ------
  hconst size          =        10     ------
End of Module Information.


C251 COMPILATION COMPLETE.  0 WARNING(S),  0 ERROR(S)
